warning: unused import: `std::collections::HashMap`
 --> src/core/governance.rs:5:5
  |
5 | use std::collections::HashMap;
  |     ^^^^^^^^^^^^^^^^^^^^^^^^^
  |
  = note: `#[warn(unused_imports)]` (part of `#[warn(unused)]`) on by default

warning: unused import: `std::collections::HashMap`
 --> src/core/resource_anchor.rs:5:5
  |
5 | use std::collections::HashMap;
  |     ^^^^^^^^^^^^^^^^^^^^^^^^^

warning: unused variable: `computed`
  --> src/core/replication.rs:74:9
   |
74 |     let computed = format!("{:x}", hasher.finalize());
   |         ^^^^^^^^ help: if this is intentional, prefix it with an underscore: `_computed`
   |
   = note: `#[warn(unused_variables)]` (part of `#[warn(unused)]`) on by default

warning: unused variable: `address`
   --> src/core/reclamation.rs:108:47
    |
108 | ...e_for_reclamation(&self, address: &str, current_block: u64, last_act...
    |                             ^^^^^^^ help: if this is intentional, prefix it with an underscore: `_address`

warning: unused variable: `log`
  --> src/core/healing.rs:54:17
   |
54 |             let log = AuditLogEntry {
   |                 ^^^ help: if this is intentional, prefix it with an underscore: `_log`

warning: `nexus-core` (lib) generated 5 warnings (run `cargo fix --lib -p nexus-core` to apply 5 suggestions)
   Compiling nexus-core v1.0.0-genesis (/home/snide/Living-Breathing-Artificial-Intelligence)
    Finished `dev` profile [unoptimized + debuginfo] target(s) in 0.09s
     Running `target/debug/real-load`
=== REAL LOAD — 50 TPS 80-20 @100 — simulating kWh+calories+m2 anchor tax ===
0 processed — elapsed 0.0s — target 50 TPS
500 processed — elapsed 10.1s — target 50 TPS
1000 processed — elapsed 20.2s — target 50 TPS
1500 processed — elapsed 30.2s — target 50 TPS
2000 processed — elapsed 40.3s — target 50 TPS
2500 processed — elapsed 50.4s — target 50 TPS
3000 processed — elapsed 60.4s — target 50 TPS
3500 processed — elapsed 70.5s — target 50 TPS
4000 processed — elapsed 80.6s — target 50 TPS
4500 processed — elapsed 90.7s — target 50 TPS
REAL LOAD DONE — 5000 @ 50 TPS target — elapsed 100.7s — avg TPS 49.6
